180.149.125.175 - - [29/Aug/2021:00:08:55 +0000] "GET /c/ HTTP/1.1" 404 197 "-" "Mozilla/5.0 (Windows NT 5.1; Win64; x64) AppleWebKit/537.36 (KHTML, like Gecko) Chrome/60.0.3112.90 Safari/537.36"
43.251.85.96 - - [12/Aug/2021:00:26:35 +0000] "\x03\x00\x00+&\xE0\x00\x00\x00\x00\x00Cookie: mstshash=hello" 400 166 "-" "-"
195.123.237.209 - - [23/Aug/2021:00:42:31 +0000] "GET / HTTP/1.1" 404 134 "-" "Mozilla/5.0 (Windows NT 6.1; Win64; x64; rv:52.7.3) Gecko/20100101 Firefox/52.7.3"
205.185.126.200 - - [27/Aug/2021:00:45:00 +0000] "POST /boaform/admin/formLogin HTTP/1.1" 404 134 "http://104.248.5.36:80/admin/login.asp" "Mozilla/5.0 (X11; Ubuntu; Linux x86_64; rv:71.0) Gecko/20100101 Firefox/71.0"
205.185.126.200 - - [9/Aug/2021:00:45:01 +0000] "" 400 0 "-" "-"
209.141.32.217 - - [25/Aug/2021:00:56:14 +0000] "POST /boaform/admin/formLogin HTTP/1.1" 404 134 "http://104.248.5.36:80/admin/login.asp" "Mozilla/5.0 (X11; Ubuntu; Linux x86_64; rv:71.0) Gecko/20100101 Firefox/71.0"
209.141.32.217 - - [14/Aug/2021:00:56:14 +0000] "" 400 0 "-" "-"
45.146.164.110 - - [29/Aug/2021:01:18:50 +0000] "GET /vendor/phpunit/phpunit/src/Util/PHP/eval-stdin.php HTTP/1.1" 404 197 "-" "Mozilla/5.0 (Windows NT 10.0; Win64; x64) AppleWebKit/537.36 (KHTML, like Gecko) Chrome/78.0.3904.108 Safari/537.36"
45.146.164.110 - - [26/Aug/2021:01:18:50 +0000] "POST /vendor/phpunit/phpunit/src/Util/PHP/eval-stdin.php HTTP/1.1" 404 197 "-" "Mozilla/5.0 (Windows NT 10.0; Win64; x64) AppleWebKit/537.36 (KHTML, like Gecko) Chrome/78.0.3904.108 Safari/537.36"
45.146.164.110 - - [16/Aug/2021:01:18:50 +0000] "GET /solr/admin/info/system?wt=json HTTP/1.1" 404 197 "-" "Mozilla/5.0 (Windows NT 10.0; Win64; x64) AppleWebKit/537.36 (KHTML, like Gecko) Chrome/78.0.3904.108 Safari/537.36"
45.146.164.110 - - [16/Aug/2021:01:18:50 +0000] "GET /index.php?s=/Index/\x5Cthink\x5Capp/invokefunction&function=call_user_func_array&vars[0]=md5&vars[1][]=HelloThinkPHP21 HTTP/1.1" 404 197 "-" "Mozilla/5.0 (Windows NT 10.0; Win64; x64) AppleWebKit/537.36 (KHTML, like Gecko) Chrome/78.0.3904.108 Safari/537.36"
45.146.164.110 - - [12/Aug/2021:01:18:51 +0000] "GET /?a=fetch&content=<php>die(@md5(HelloThinkCMF))</php> HTTP/1.1" 404 197 "-" "Mozilla/5.0 (Windows NT 10.0; Win64; x64) AppleWebKit/537.36 (KHTML, like Gecko) Chrome/78.0.3904.108 Safari/537.36"
45.146.164.110 - - [9/Aug/2021:01:18:51 +0000] "POST /api/jsonws/invoke HTTP/1.1" 404 197 "-" "Mozilla/5.0 (Windows NT 10.0; Win64; x64) AppleWebKit/537.36 (KHTML, like Gecko) Chrome/78.0.3904.108 Safari/537.36"
45.146.164.110 - - [18/Aug/2021:01:18:51 +0000] "GET /wp-content/plugins/wp-file-manager/readme.txt HTTP/1.1" 404 197 "-" "Mozilla/5.0 (Windows NT 10.0; Win64; x64) AppleWebKit/537.36 (KHTML, like Gecko) Chrome/78.0.3904.108 Safari/537.36"
45.146.164.110 - - [29/Aug/2021:01:18:52 +0000] "GET /console/ HTTP/1.1" 404 197 "-" "Mozilla/5.0 (Windows NT 10.0; Win64; x64) AppleWebKit/537.36 (KHTML, like Gecko) Chrome/78.0.3904.108 Safari/537.36"
45.146.164.110 - - [19/Aug/2021:01:18:52 +0000] "POST /Autodiscover/Autodiscover.xml HTTP/1.1" 404 197 "-" "Mozilla/5.0 (Windows NT 10.0; Win64; x64) AppleWebKit/537.36 (KHTML, like Gecko) Chrome/78.0.3904.108 Safari/537.36"
45.146.164.110 - - [20/Aug/2021:01:18:52 +0000] "GET /_ignition/execute-solution HTTP/1.1" 404 197 "-" "Mozilla/5.0 (Windows NT 10.0; Win64; x64) AppleWebKit/537.36 (KHTML, like Gecko) Chrome/78.0.3904.108 Safari/537.36"
45.146.164.110 - - [20/Aug/2021:01:18:54 +0000] "GET /?XDEBUG_SESSION_START=phpstorm HTTP/1.1" 404 197 "-" "Mozilla/5.0 (Windows NT 10.0; Win64; x64) AppleWebKit/537.36 (KHTML, like Gecko) Chrome/78.0.3904.108 Safari/537.36"
178.238.8.65 - - [7/Aug/2021:01:43:54 +0000] "GET /.env HTTP/1.1" 404 134 "-" "Mozilla/5.0 (Macintosh; Intel Mac OS X 10.15; rv:77.0) Gecko/20100101 Firefox/77.0"
178.238.8.65 - - [20/Aug/2021:01:43:54 +0000] "GET /.env HTTP/1.1" 404 134 "-" "Mozilla/5.0 (Macintosh; Intel Mac OS X 10.15; rv:77.0) Gecko/20100101 Firefox/77.0"
209.141.48.78 - - [20/Aug/2021:02:12:33 +0000] "GET /manager/html HTTP/1.1" 400 166 "-" "-"
144.126.133.142 - - [8/Aug/2021:02:59:07 +0000] "\x03\x00\x00+&\xE0\x00\x00\x00\x00\x00Cookie: mstshash=hello" 400 166 "-" "-"
189.60.107.182 - - [7/Aug/2021:03:07:33 +0000] "GET / HTTP/1.1" 400 166 "-" "-"
193.242.145.12 - - [29/Aug/2021:03:12:20 +0000] "GET /s3cmd.ini HTTP/1.1" 404 197 "-" "Mozilla/5.0 (Macintosh; Intel Mac OS X 11_5_2) AppleWebKit/537.36 (KHTML, like Gecko) Chrome/92.0.4515.159 Safari/537.36"
84.209.139.0 - - [10/Aug/2021:03:40:40 +0000] "GET / HTTP/1.1" 404 134 "-" "Mozilla/5.0 (compatible; Baiduspider/2.0; +http://www.baidu.com/search/spider.html)"
108.162.219.189 - - [29/Aug/2021:04:19:29 +0000] "GET /.env HTTP/1.1" 301 178 "-" "Mozilla/5.0 (X11; Linux x86_64) AppleWebKit/537.36 (KHTML, like Gecko) Chrome/81.0.4044.129 Safari/537.36"
108.162.219.189 - - [9/Aug/2021:04:19:30 +0000] "POST / HTTP/1.1" 301 178 "-" "Mozilla/5.0 (X11; Linux x86_64) AppleWebKit/537.36 (KHTML, like Gecko) Chrome/81.0.4044.129 Safari/537.36"
34.106.29.52 - - [11/Aug/2021:04:36:06 +0000] "GET / HTTP/1.1" 404 134 "-" "Mozilla/5.0 zgrab/0.x"
192.241.198.203 - - [6/Aug/2021:04:46:44 +0000] "GET / HTTP/1.1" 404 134 "-" "Mozilla/5.0 zgrab/0.x"
205.185.126.200 - - [12/Aug/2021:04:54:46 +0000] "POST /boaform/admin/formLogin HTTP/1.1" 404 134 "http://104.248.5.36:80/admin/login.asp" "Mozilla/5.0 (X11; Ubuntu; Linux x86_64; rv:71.0) Gecko/20100101 Firefox/71.0"
205.185.126.200 - - [19/Aug/2021:04:54:46 +0000] "" 400 0 "-" "-"
189.60.107.182 - - [19/Aug/2021:04:55:38 +0000] "GET /config/getuser?index=0 HTTP/1.1" 404 134 "-" "Mozilla/5.0 (X11; Ubuntu; Linux x86_64; rv:76.0) Gecko/20100101 Firefox/76.0"
209.141.32.217 - - [17/Aug/2021:05:23:15 +0000] "GET /manager/html HTTP/1.1" 400 166 "-" "-"
43.251.85.96 - - [29/Aug/2021:05:33:20 +0000] "GET / HTTP/1.1" 301 178 "-" "Mozilla/5.0 (Windows NT 10.0; Win64; x64) AppleWebKit/537.36 (KHTML, like Gecko; compatible; BW/1.1; bit.ly/2W6Px8S) Chrome/84.0.4147.105 Safari/537.36"
84.209.139.0 - - [18/Aug/2021:05:33:21 +0000] "GET / HTTP/1.1" 301 178 "-" "Mozilla/5.0 (Windows NT 10.0; Win64; x64) AppleWebKit/537.36 (KHTML, like Gecko; compatible; BW/1.1; bit.ly/2W6Px8S) Chrome/84.0.4147.105 Safari/537.36"
84.209.139.0 - - [29/Aug/2021:06:40:17 +0000] "GET / HTTP/1.1" 404 162 "-" "-"
84.209.139.0 - - [29/Aug/2021:06:55:58 +0000] "GET http://azenv.net/ HTTP/1.1" 404 134 "-" "Go-http-client/1.1"
205.185.126.200 - - [29/Aug/2021:07:14:44 +0000] "POST /boaform/admin/formLogin HTTP/1.1" 404 134 "http://104.248.5.36:80/admin/login.asp" "Mozilla/5.0 (X11; Ubuntu; Linux x86_64; rv:71.0) Gecko/20100101 Firefox/71.0"
205.185.126.200 - - [29/Aug/2021:07:14:44 +0000] "" 400 0 "-" "-"
195.123.237.209 - - [29/Aug/2021:07:35:02 +0000] "GET /pv/000000000000.cfg HTTP/1.1" 404 162 "-" "Mozilla/5.0 (Windows NT 6.1; Win64; x64; rv:56.0) Gecko/20100101 Firefox/56.0"
195.123.237.209 - - [29/Aug/2021:08:08:19 +0000] "GET / HTTP/1.0" 301 178 "-" "Mozilla/5.0 (Windows NT 10.0; Win64; x64; rv:82.0) Gecko/20100101 Firefox/82.0"
209.141.48.78 - - [29/Aug/2021:08:30:38 +0000] "GET /manager/html HTTP/1.1" 400 166 "-" "-"
43.251.85.96 - - [29/Aug/2021:09:02:29 +0000] "GET / HTTP/1.1" 404 134 "-" "Mozilla/5.0 zgrab/0.x"
43.251.85.96 - - [29/Aug/2021:09:31:38 +0000] "GET /config/getuser?index=0 HTTP/1.1" 404 134 "-" "Mozilla/5.0 (X11; Ubuntu; Linux x86_64; rv:76.0) Gecko/20100101 Firefox/76.0"
43.251.85.96 - - [29/Aug/2021:09:35:51 +0000] "GET /.env HTTP/1.1" 404 134 "-" "Mozilla/5.0 (Macintosh; Intel Mac OS X 10.15; rv:77.0) Gecko/20100101 Firefox/77.0"
43.251.85.96 - - [29/Aug/2021:09:40:18 +0000] "GET / HTTP/1.1" 404 564 "-" "Mozilla/5.0 (Windows NT 6.1; WOW64) AppleWebKit/537.36 (KHTML, like Gecko) Chrome/52.0.2743.116 Safari/537.36"
43.251.85.96 - - [29/Aug/2021:10:10:08 +0000] "GET / HTTP/1.1" 400 166 "-" "-"
43.251.85.96 - - [29/Aug/2021:10:45:04 +0000] "GET /.env HTTP/1.1" 404 134 "-" "Mozilla/5.0 (Linux; U; Android 4.4.2; en-US; HM NOTE 1W Build/KOT49H) AppleWebKit/534.30 (KHTML, like Gecko) Version/4.0 UCBrowser/11.0.5.850 U3/0.8.0 Mobile Safari/534.30"
43.251.85.96 - - [29/Aug/2021:10:45:04 +0000] "POST / HTTP/1.1" 404 134 "-" "Mozilla/5.0 (Linux; U; Android 4.4.2; en-US; HM NOTE 1W Build/KOT49H) AppleWebKit/534.30 (KHTML, like Gecko) Version/4.0 UCBrowser/11.0.5.850 U3/0.8.0 Mobile Safari/534.30"
43.251.85.96 - - [29/Aug/2021:10:45:53 +0000] "GET / HTTP/1.0" 301 178 "-" "-"
43.251.85.96 - - [29/Aug/2021:10:47:09 +0000] "GET / HTTP/1.1" 404 197 "-" "Mozilla/5.0 (Windows NT 10.0; Win64; x64) AppleWebKit/537.36 (KHTML, like Gecko) Chrome/60.0.3112.113 Safari/537.36"
43.251.85.96 - - [29/Aug/2021:10:49:39 +0000] "GET /favicon.ico HTTP/1.1" 404 197 "-" "Mozilla/5.0 (Macintosh; Intel Mac OS X 10_7_0) AppleWebKit/535.11 (KHTML, like Gecko) Chrome/17.0.963.56 Safari/535.11"
205.185.126.200 - - [29/Aug/2021:11:21:21 +0000] "POST /boaform/admin/formLogin HTTP/1.1" 404 134 "http://104.248.5.36:80/admin/login.asp" "Mozilla/5.0 (X11; Ubuntu; Linux x86_64; rv:71.0) Gecko/20100101 Firefox/71.0"
205.185.126.200 - - [29/Aug/2021:11:21:21 +0000] "" 400 0 "-" "-"
193.242.145.12 - - [29/Aug/2021:11:28:06 +0000] "GET /.env HTTP/1.1" 404 197 "-" "Mozilla/5.0 (X11; Linux x86_64) AppleWebKit/537.36 (KHTML, like Gecko) Chrome/81.0.4044.129 Safari/537.36"
193.242.145.12 - - [29/Aug/2021:11:28:06 +0000] "POST / HTTP/1.1" 404 197 "-" "Mozilla/5.0 (X11; Linux x86_64) AppleWebKit/537.36 (KHTML, like Gecko) Chrome/81.0.4044.129 Safari/537.36"
193.242.145.12 - - [29/Aug/2021:11:35:32 +0000] "GET / HTTP/1.1" 301 178 "-" "Mozilla/5.0 (Windows NT 10.0; Win64; x64) AppleWebKit/537.36 (KHTML, like Gecko) Chrome/92.0.4515.159 Safari/537.36"
209.141.48.78 - - [29/Aug/2021:11:36:52 +0000] "GET /manager/html HTTP/1.1" 400 166 "-" "-"
205.185.126.200 - - [29/Aug/2021:12:17:24 +0000] "POST /boaform/admin/formLogin HTTP/1.1" 404 134 "http://104.248.5.36:80/admin/login.asp" "Mozilla/5.0 (X11; Ubuntu; Linux x86_64; rv:71.0) Gecko/20100101 Firefox/71.0"
205.185.126.200 - - [29/Aug/2021:12:17:24 +0000] "" 400 0 "-" "-"
205.185.126.200 - - [29/Aug/2021:12:23:59 +0000] "GET /_profiler/phpinfo HTTP/1.1" 404 197 "-" "Mozilla/5.0 (X11; Linux x86_64) AppleWebKit/537.36 (KHTML, like Gecko) Chrome/81.0.4044.129 Safari/537.36"
205.185.126.200 - - [21/Aug/2021:12:24:00 +0000] "POST / HTTP/1.1" 404 197 "-" "Mozilla/5.0 (X11; Linux x86_64) AppleWebKit/537.36 (KHTML, like Gecko) Chrome/81.0.4044.129 Safari/537.36"
43.251.85.96 - - [21/Aug/2021:12:53:26 +0000] "\x03\x00\x00+&\xE0\x00\x00\x00\x00\x00Cookie: mstshash=hello" 400 166 "-" "-"
189.60.107.182 - - [22/Aug/2021:13:05:46 +0000] "GET / HTTP/1.1" 301 178 "-" "NetSystemsResearch studies the availability of various services across the internet. Our website is netsystemsresearch.com"
189.60.107.182 - - [27/Aug/2021:13:18:27 +0000] "GET /.env HTTP/1.1" 404 197 "-" "Mozilla/5.0 (X11; Linux x86_64) AppleWebKit/537.36 (KHTML, like Gecko) Chrome/81.0.4044.129 Safari/537.36"
189.60.107.182 - - [26/Aug/2021:13:18:40 +0000] "POST / HTTP/1.1" 404 197 "-" "Mozilla/5.0 (X11; Linux x86_64) AppleWebKit/537.36 (KHTML, like Gecko) Chrome/81.0.4044.129 Safari/537.36"
189.60.107.182 - - [25/Aug/2021:14:04:13 +0000] "GET /.env HTTP/1.1" 404 197 "-" "Mozilla/5.0 (X11; Linux x86_64) AppleWebKit/537.36 (KHTML, like Gecko) Chrome/81.0.4044.129 Safari/537.36"
189.60.107.182 - - [24/Aug/2021:14:04:26 +0000] "POST / HTTP/1.1" 404 197 "-" "Mozilla/5.0 (X11; Linux x86_64) AppleWebKit/537.36 (KHTML, like Gecko) Chrome/81.0.4044.129 Safari/537.36"
209.141.32.217 - - [23/Aug/2021:14:11:03 +0000] "POST / HTTP/1.1" 404 197 "-" "Mozilla/5.0 (X11; Linux x86_64) AppleWebKit/537.36 (KHTML, like Gecko) Chrome/81.0.4044.129 Safari/537.36"
209.141.32.217 - - [22/Aug/2021:14:11:03 +0000] "GET /.env HTTP/1.1" 404 197 "-" "Mozilla/5.0 (X11; Linux x86_64) AppleWebKit/537.36 (KHTML, like Gecko) Chrome/81.0.4044.129 Safari/537.36"
209.141.32.217 - - [21/Aug/2021:14:11:59 +0000] "GET http://azenv.net/ HTTP/1.1" 404 134 "-" "Go-http-client/1.1"
209.141.32.217 - - [22/Aug/2021:14:12:26 +0000] "GET /.env HTTP/1.1" 404 197 "-" "Mozilla/5.0 (X11; Linux x86_64) AppleWebKit/537.36 (KHTML, like Gecko) Chrome/81.0.4044.129 Safari/537.36"
209.141.32.217 - - [26/Aug/2021:14:12:27 +0000] "POST / HTTP/1.1" 404 197 "-" "Mozilla/5.0 (X11; Linux x86_64) AppleWebKit/537.36 (KHTML, like Gecko) Chrome/81.0.4044.129 Safari/537.36"
209.141.32.217 - - [24/Aug/2021:14:37:36 +0000] "CONNECT 45.138.49.220:4444 HTTP/1.1" 400 166 "-" "-"
180.149.125.175 - - [29/Aug/2021:00:08:55 +0000] "GET /c/ HTTP/1.1" 404 197 "-" "Mozilla/5.0 (Windows NT 5.1; Win64; x64) AppleWebKit/537.36 (KHTML, like Gecko) Chrome/60.0.3112.90 Safari/537.36"
43.251.85.96 - - [12/Aug/2021:00:26:35 +0000] "\x03\x00\x00+&\xE0\x00\x00\x00\x00\x00Cookie: mstshash=hello" 400 166 "-" "-"
195.123.237.209 - - [23/Aug/2021:00:42:31 +0000] "GET / HTTP/1.1" 404 134 "-" "Mozilla/5.0 (Windows NT 6.1; Win64; x64; rv:52.7.3) Gecko/20100101 Firefox/52.7.3"
205.185.126.200 - - [27/Aug/2021:00:45:00 +0000] "POST /boaform/admin/formLogin HTTP/1.1" 404 134 "http://104.248.5.36:80/admin/login.asp" "Mozilla/5.0 (X11; Ubuntu; Linux x86_64; rv:71.0) Gecko/20100101 Firefox/71.0"
205.185.126.200 - - [9/Aug/2021:00:45:01 +0000] "" 400 0 "-" "-"
209.141.32.217 - - [25/Aug/2021:00:56:14 +0000] "POST /boaform/admin/formLogin HTTP/1.1" 404 134 "http://104.248.5.36:80/admin/login.asp" "Mozilla/5.0 (X11; Ubuntu; Linux x86_64; rv:71.0) Gecko/20100101 Firefox/71.0"
209.141.32.217 - - [14/Aug/2021:00:56:14 +0000] "" 400 0 "-" "-"
45.146.164.110 - - [29/Aug/2021:01:18:50 +0000] "GET /vendor/phpunit/phpunit/src/Util/PHP/eval-stdin.php HTTP/1.1" 404 197 "-" "Mozilla/5.0 (Windows NT 10.0; Win64; x64) AppleWebKit/537.36 (KHTML, like Gecko) Chrome/78.0.3904.108 Safari/537.36"
45.146.164.110 - - [26/Aug/2021:01:18:50 +0000] "POST /vendor/phpunit/phpunit/src/Util/PHP/eval-stdin.php HTTP/1.1" 404 197 "-" "Mozilla/5.0 (Windows NT 10.0; Win64; x64) AppleWebKit/537.36 (KHTML, like Gecko) Chrome/78.0.3904.108 Safari/537.36"
45.146.164.110 - - [16/Aug/2021:01:18:50 +0000] "GET /solr/admin/info/system?wt=json HTTP/1.1" 404 197 "-" "Mozilla/5.0 (Windows NT 10.0; Win64; x64) AppleWebKit/537.36 (KHTML, like Gecko) Chrome/78.0.3904.108 Safari/537.36"
45.146.164.110 - - [16/Aug/2021:01:18:50 +0000] "GET /index.php?s=/Index/\x5Cthink\x5Capp/invokefunction&function=call_user_func_array&vars[0]=md5&vars[1][]=HelloThinkPHP21 HTTP/1.1" 404 197 "-" "Mozilla/5.0 (Windows NT 10.0; Win64; x64) AppleWebKit/537.36 (KHTML, like Gecko) Chrome/78.0.3904.108 Safari/537.36"
45.146.164.110 - - [12/Aug/2021:01:18:51 +0000] "GET /?a=fetch&content=<php>die(@md5(HelloThinkCMF))</php> HTTP/1.1" 404 197 "-" "Mozilla/5.0 (Windows NT 10.0; Win64; x64) AppleWebKit/537.36 (KHTML, like Gecko) Chrome/78.0.3904.108 Safari/537.36"
45.146.164.110 - - [9/Aug/2021:01:18:51 +0000] "POST /api/jsonws/invoke HTTP/1.1" 404 197 "-" "Mozilla/5.0 (Windows NT 10.0; Win64; x64) AppleWebKit/537.36 (KHTML, like Gecko) Chrome/78.0.3904.108 Safari/537.36"
45.146.164.110 - - [18/Aug/2021:01:18:51 +0000] "GET /wp-content/plugins/wp-file-manager/readme.txt HTTP/1.1" 404 197 "-" "Mozilla/5.0 (Windows NT 10.0; Win64; x64) AppleWebKit/537.36 (KHTML, like Gecko) Chrome/78.0.3904.108 Safari/537.36"
45.146.164.110 - - [29/Aug/2021:01:18:52 +0000] "GET /console/ HTTP/1.1" 404 197 "-" "Mozilla/5.0 (Windows NT 10.0; Win64; x64) AppleWebKit/537.36 (KHTML, like Gecko) Chrome/78.0.3904.108 Safari/537.36"
45.146.164.110 - - [19/Aug/2021:01:18:52 +0000] "POST /Autodiscover/Autodiscover.xml HTTP/1.1" 404 197 "-" "Mozilla/5.0 (Windows NT 10.0; Win64; x64) AppleWebKit/537.36 (KHTML, like Gecko) Chrome/78.0.3904.108 Safari/537.36"
45.146.164.110 - - [20/Aug/2021:01:18:52 +0000] "GET /_ignition/execute-solution HTTP/1.1" 404 197 "-" "Mozilla/5.0 (Windows NT 10.0; Win64; x64) AppleWebKit/537.36 (KHTML, like Gecko) Chrome/78.0.3904.108 Safari/537.36"
45.146.164.110 - - [20/Aug/2021:01:18:54 +0000] "GET /?XDEBUG_SESSION_START=phpstorm HTTP/1.1" 404 197 "-" "Mozilla/5.0 (Windows NT 10.0; Win64; x64) AppleWebKit/537.36 (KHTML, like Gecko) Chrome/78.0.3904.108 Safari/537.36"
178.238.8.65 - - [7/Aug/2021:01:43:54 +0000] "GET /.env HTTP/1.1" 404 134 "-" "Mozilla/5.0 (Macintosh; Intel Mac OS X 10.15; rv:77.0) Gecko/20100101 Firefox/77.0"
178.238.8.65 - - [20/Aug/2021:01:43:54 +0000] "GET /.env HTTP/1.1" 404 134 "-" "Mozilla/5.0 (Macintosh; Intel Mac OS X 10.15; rv:77.0) Gecko/20100101 Firefox/77.0"
209.141.48.78 - - [20/Aug/2021:02:12:33 +0000] "GET /manager/html HTTP/1.1" 400 166 "-" "-"
144.126.133.142 - - [8/Aug/2021:02:59:07 +0000] "\x03\x00\x00+&\xE0\x00\x00\x00\x00\x00Cookie: mstshash=hello" 400 166 "-" "-"
189.60.107.182 - - [7/Aug/2021:03:07:33 +0000] "GET / HTTP/1.1" 400 166 "-" "-"
193.242.145.12 - - [29/Aug/2021:03:12:20 +0000] "GET /s3cmd.ini HTTP/1.1" 404 197 "-" "Mozilla/5.0 (Macintosh; Intel Mac OS X 11_5_2) AppleWebKit/537.36 (KHTML, like Gecko) Chrome/92.0.4515.159 Safari/537.36"
84.209.139.0 - - [10/Aug/2021:03:40:40 +0000] "GET / HTTP/1.1" 404 134 "-" "Mozilla/5.0 (compatible; Baiduspider/2.0; +http://www.baidu.com/search/spider.html)"
108.162.219.189 - - [29/Aug/2021:04:19:29 +0000] "GET /.env HTTP/1.1" 301 178 "-" "Mozilla/5.0 (X11; Linux x86_64) AppleWebKit/537.36 (KHTML, like Gecko) Chrome/81.0.4044.129 Safari/537.36"
108.162.219.189 - - [9/Aug/2021:04:19:30 +0000] "POST / HTTP/1.1" 301 178 "-" "Mozilla/5.0 (X11; Linux x86_64) AppleWebKit/537.36 (KHTML, like Gecko) Chrome/81.0.4044.129 Safari/537.36"
34.106.29.52 - - [11/Aug/2021:04:36:06 +0000] "GET / HTTP/1.1" 404 134 "-" "Mozilla/5.0 zgrab/0.x"
192.241.198.203 - - [6/Aug/2021:04:46:44 +0000] "GET / HTTP/1.1" 404 134 "-" "Mozilla/5.0 zgrab/0.x"
205.185.126.200 - - [12/Aug/2021:04:54:46 +0000] "POST /boaform/admin/formLogin HTTP/1.1" 404 134 "http://104.248.5.36:80/admin/login.asp" "Mozilla/5.0 (X11; Ubuntu; Linux x86_64; rv:71.0) Gecko/20100101 Firefox/71.0"
205.185.126.200 - - [19/Aug/2021:04:54:46 +0000] "" 400 0 "-" "-"
189.60.107.182 - - [19/Aug/2021:04:55:38 +0000] "GET /config/getuser?index=0 HTTP/1.1" 404 134 "-" "Mozilla/5.0 (X11; Ubuntu; Linux x86_64; rv:76.0) Gecko/20100101 Firefox/76.0"
209.141.32.217 - - [17/Aug/2021:05:23:15 +0000] "GET /manager/html HTTP/1.1" 400 166 "-" "-"
43.251.85.96 - - [29/Aug/2021:05:33:20 +0000] "GET / HTTP/1.1" 301 178 "-" "Mozilla/5.0 (Windows NT 10.0; Win64; x64) AppleWebKit/537.36 (KHTML, like Gecko; compatible; BW/1.1; bit.ly/2W6Px8S) Chrome/84.0.4147.105 Safari/537.36"
84.209.139.0 - - [18/Aug/2021:05:33:21 +0000] "GET / HTTP/1.1" 301 178 "-" "Mozilla/5.0 (Windows NT 10.0; Win64; x64) AppleWebKit/537.36 (KHTML, like Gecko; compatible; BW/1.1; bit.ly/2W6Px8S) Chrome/84.0.4147.105 Safari/537.36"
84.209.139.0 - - [29/Aug/2021:06:40:17 +0000] "GET / HTTP/1.1" 404 162 "-" "-"
84.209.139.0 - - [29/Aug/2021:06:55:58 +0000] "GET http://azenv.net/ HTTP/1.1" 404 134 "-" "Go-http-client/1.1"
205.185.126.200 - - [29/Aug/2021:07:14:44 +0000] "POST /boaform/admin/formLogin HTTP/1.1" 404 134 "http://104.248.5.36:80/admin/login.asp" "Mozilla/5.0 (X11; Ubuntu; Linux x86_64; rv:71.0) Gecko/20100101 Firefox/71.0"
205.185.126.200 - - [29/Aug/2021:07:14:44 +0000] "" 400 0 "-" "-"
195.123.237.209 - - [29/Aug/2021:07:35:02 +0000] "GET /pv/000000000000.cfg HTTP/1.1" 404 162 "-" "Mozilla/5.0 (Windows NT 6.1; Win64; x64; rv:56.0) Gecko/20100101 Firefox/56.0"
195.123.237.209 - - [29/Aug/2021:08:08:19 +0000] "GET / HTTP/1.0" 301 178 "-" "Mozilla/5.0 (Windows NT 10.0; Win64; x64; rv:82.0) Gecko/20100101 Firefox/82.0"
209.141.48.78 - - [29/Aug/2021:08:30:38 +0000] "GET /manager/html HTTP/1.1" 400 166 "-" "-"
43.251.85.96 - - [29/Aug/2021:09:02:29 +0000] "GET / HTTP/1.1" 404 134 "-" "Mozilla/5.0 zgrab/0.x"
43.251.85.96 - - [29/Aug/2021:09:31:38 +0000] "GET /config/getuser?index=0 HTTP/1.1" 404 134 "-" "Mozilla/5.0 (X11; Ubuntu; Linux x86_64; rv:76.0) Gecko/20100101 Firefox/76.0"
43.251.85.96 - - [29/Aug/2021:09:35:51 +0000] "GET /.env HTTP/1.1" 404 134 "-" "Mozilla/5.0 (Macintosh; Intel Mac OS X 10.15; rv:77.0) Gecko/20100101 Firefox/77.0"
43.251.85.96 - - [29/Aug/2021:09:40:18 +0000] "GET / HTTP/1.1" 404 564 "-" "Mozilla/5.0 (Windows NT 6.1; WOW64) AppleWebKit/537.36 (KHTML, like Gecko) Chrome/52.0.2743.116 Safari/537.36"
43.251.85.96 - - [29/Aug/2021:10:10:08 +0000] "GET / HTTP/1.1" 400 166 "-" "-"
43.251.85.96 - - [29/Aug/2021:10:45:04 +0000] "GET /.env HTTP/1.1" 404 134 "-" "Mozilla/5.0 (Linux; U; Android 4.4.2; en-US; HM NOTE 1W Build/KOT49H) AppleWebKit/534.30 (KHTML, like Gecko) Version/4.0 UCBrowser/11.0.5.850 U3/0.8.0 Mobile Safari/534.30"
43.251.85.96 - - [29/Aug/2021:10:45:04 +0000] "POST / HTTP/1.1" 404 134 "-" "Mozilla/5.0 (Linux; U; Android 4.4.2; en-US; HM NOTE 1W Build/KOT49H) AppleWebKit/534.30 (KHTML, like Gecko) Version/4.0 UCBrowser/11.0.5.850 U3/0.8.0 Mobile Safari/534.30"
43.251.85.96 - - [29/Aug/2021:10:45:53 +0000] "GET / HTTP/1.0" 301 178 "-" "-"
43.251.85.96 - - [29/Aug/2021:10:47:09 +0000] "GET / HTTP/1.1" 404 197 "-" "Mozilla/5.0 (Windows NT 10.0; Win64; x64) AppleWebKit/537.36 (KHTML, like Gecko) Chrome/60.0.3112.113 Safari/537.36"
43.251.85.96 - - [29/Aug/2021:10:49:39 +0000] "GET /favicon.ico HTTP/1.1" 404 197 "-" "Mozilla/5.0 (Macintosh; Intel Mac OS X 10_7_0) AppleWebKit/535.11 (KHTML, like Gecko) Chrome/17.0.963.56 Safari/535.11"
205.185.126.200 - - [29/Aug/2021:11:21:21 +0000] "POST /boaform/admin/formLogin HTTP/1.1" 404 134 "http://104.248.5.36:80/admin/login.asp" "Mozilla/5.0 (X11; Ubuntu; Linux x86_64; rv:71.0) Gecko/20100101 Firefox/71.0"
205.185.126.200 - - [29/Aug/2021:11:21:21 +0000] "" 400 0 "-" "-"
193.242.145.12 - - [29/Aug/2021:11:28:06 +0000] "GET /.env HTTP/1.1" 404 197 "-" "Mozilla/5.0 (X11; Linux x86_64) AppleWebKit/537.36 (KHTML, like Gecko) Chrome/81.0.4044.129 Safari/537.36"
193.242.145.12 - - [29/Aug/2021:11:28:06 +0000] "POST / HTTP/1.1" 404 197 "-" "Mozilla/5.0 (X11; Linux x86_64) AppleWebKit/537.36 (KHTML, like Gecko) Chrome/81.0.4044.129 Safari/537.36"
193.242.145.12 - - [29/Aug/2021:11:35:32 +0000] "GET / HTTP/1.1" 301 178 "-" "Mozilla/5.0 (Windows NT 10.0; Win64; x64) AppleWebKit/537.36 (KHTML, like Gecko) Chrome/92.0.4515.159 Safari/537.36"
209.141.48.78 - - [29/Aug/2021:11:36:52 +0000] "GET /manager/html HTTP/1.1" 400 166 "-" "-"
205.185.126.200 - - [29/Aug/2021:12:17:24 +0000] "POST /boaform/admin/formLogin HTTP/1.1" 404 134 "http://104.248.5.36:80/admin/login.asp" "Mozilla/5.0 (X11; Ubuntu; Linux x86_64; rv:71.0) Gecko/20100101 Firefox/71.0"
205.185.126.200 - - [29/Aug/2021:12:17:24 +0000] "" 400 0 "-" "-"
205.185.126.200 - - [29/Aug/2021:12:23:59 +0000] "GET /_profiler/phpinfo HTTP/1.1" 404 197 "-" "Mozilla/5.0 (X11; Linux x86_64) AppleWebKit/537.36 (KHTML, like Gecko) Chrome/81.0.4044.129 Safari/537.36"
205.185.126.200 - - [21/Aug/2021:12:24:00 +0000] "POST / HTTP/1.1" 404 197 "-" "Mozilla/5.0 (X11; Linux x86_64) AppleWebKit/537.36 (KHTML, like Gecko) Chrome/81.0.4044.129 Safari/537.36"
43.251.85.96 - - [21/Aug/2021:12:53:26 +0000] "\x03\x00\x00+&\xE0\x00\x00\x00\x00\x00Cookie: mstshash=hello" 400 166 "-" "-"
189.60.107.182 - - [22/Aug/2021:13:05:46 +0000] "GET / HTTP/1.1" 301 178 "-" "NetSystemsResearch studies the availability of various services across the internet. Our website is netsystemsresearch.com"
189.60.107.182 - - [27/Aug/2021:13:18:27 +0000] "GET /.env HTTP/1.1" 404 197 "-" "Mozilla/5.0 (X11; Linux x86_64) AppleWebKit/537.36 (KHTML, like Gecko) Chrome/81.0.4044.129 Safari/537.36"
189.60.107.182 - - [26/Aug/2021:13:18:40 +0000] "POST / HTTP/1.1" 404 197 "-" "Mozilla/5.0 (X11; Linux x86_64) AppleWebKit/537.36 (KHTML, like Gecko) Chrome/81.0.4044.129 Safari/537.36"
189.60.107.182 - - [25/Aug/2021:14:04:13 +0000] "GET /.env HTTP/1.1" 404 197 "-" "Mozilla/5.0 (X11; Linux x86_64) AppleWebKit/537.36 (KHTML, like Gecko) Chrome/81.0.4044.129 Safari/537.36"
189.60.107.182 - - [24/Aug/2021:14:04:26 +0000] "POST / HTTP/1.1" 404 197 "-" "Mozilla/5.0 (X11; Linux x86_64) AppleWebKit/537.36 (KHTML, like Gecko) Chrome/81.0.4044.129 Safari/537.36"
209.141.32.217 - - [23/Aug/2021:14:11:03 +0000] "POST / HTTP/1.1" 404 197 "-" "Mozilla/5.0 (X11; Linux x86_64) AppleWebKit/537.36 (KHTML, like Gecko) Chrome/81.0.4044.129 Safari/537.36"
209.141.32.217 - - [22/Aug/2021:14:11:03 +0000] "GET /.env HTTP/1.1" 404 197 "-" "Mozilla/5.0 (X11; Linux x86_64) AppleWebKit/537.36 (KHTML, like Gecko) Chrome/81.0.4044.129 Safari/537.36"
209.141.32.217 - - [21/Aug/2021:14:11:59 +0000] "GET http://azenv.net/ HTTP/1.1" 404 134 "-" "Go-http-client/1.1"
209.141.32.217 - - [22/Aug/2021:14:12:26 +0000] "GET /.env HTTP/1.1" 404 197 "-" "Mozilla/5.0 (X11; Linux x86_64) AppleWebKit/537.36 (KHTML, like Gecko) Chrome/81.0.4044.129 Safari/537.36"
209.141.32.217 - - [26/Aug/2021:14:12:27 +0000] "POST / HTTP/1.1" 404 197 "-" "Mozilla/5.0 (X11; Linux x86_64) AppleWebKit/537.36 (KHTML, like Gecko) Chrome/81.0.4044.129 Safari/537.36"
209.141.32.217 - - [24/Aug/2021:14:37:36 +0000] "CONNECT 45.138.49.220:4444 HTTP/1.1" 400 166 "-" "-"
180.149.125.175 - - [29/Aug/2021:00:08:55 +0000] "GET /c/ HTTP/1.1" 404 197 "-" "Mozilla/5.0 (Windows NT 5.1; Win64; x64) AppleWebKit/537.36 (KHTML, like Gecko) Chrome/60.0.3112.90 Safari/537.36"
43.251.85.96 - - [12/Aug/2021:00:26:35 +0000] "\x03\x00\x00+&\xE0\x00\x00\x00\x00\x00Cookie: mstshash=hello" 400 166 "-" "-"
195.123.237.209 - - [23/Aug/2021:00:42:31 +0000] "GET / HTTP/1.1" 404 134 "-" "Mozilla/5.0 (Windows NT 6.1; Win64; x64; rv:52.7.3) Gecko/20100101 Firefox/52.7.3"
205.185.126.200 - - [27/Aug/2021:00:45:00 +0000] "POST /boaform/admin/formLogin HTTP/1.1" 404 134 "http://104.248.5.36:80/admin/login.asp" "Mozilla/5.0 (X11; Ubuntu; Linux x86_64; rv:71.0) Gecko/20100101 Firefox/71.0"
205.185.126.200 - - [9/Aug/2021:00:45:01 +0000] "" 400 0 "-" "-"
209.141.32.217 - - [25/Aug/2021:00:56:14 +0000] "POST /boaform/admin/formLogin HTTP/1.1" 404 134 "http://104.248.5.36:80/admin/login.asp" "Mozilla/5.0 (X11; Ubuntu; Linux x86_64; rv:71.0) Gecko/20100101 Firefox/71.0"
209.141.32.217 - - [14/Aug/2021:00:56:14 +0000] "" 400 0 "-" "-"
45.146.164.110 - - [29/Aug/2021:01:18:50 +0000] "GET /vendor/phpunit/phpunit/src/Util/PHP/eval-stdin.php HTTP/1.1" 404 197 "-" "Mozilla/5.0 (Windows NT 10.0; Win64; x64) AppleWebKit/537.36 (KHTML, like Gecko) Chrome/78.0.3904.108 Safari/537.36"
45.146.164.110 - - [26/Aug/2021:01:18:50 +0000] "POST /vendor/phpunit/phpunit/src/Util/PHP/eval-stdin.php HTTP/1.1" 404 197 "-" "Mozilla/5.0 (Windows NT 10.0; Win64; x64) AppleWebKit/537.36 (KHTML, like Gecko) Chrome/78.0.3904.108 Safari/537.36"
45.146.164.110 - - [16/Aug/2021:01:18:50 +0000] "GET /solr/admin/info/system?wt=json HTTP/1.1" 404 197 "-" "Mozilla/5.0 (Windows NT 10.0; Win64; x64) AppleWebKit/537.36 (KHTML, like Gecko) Chrome/78.0.3904.108 Safari/537.36"
45.146.164.110 - - [16/Aug/2021:01:18:50 +0000] "GET /index.php?s=/Index/\x5Cthink\x5Capp/invokefunction&function=call_user_func_array&vars[0]=md5&vars[1][]=HelloThinkPHP21 HTTP/1.1" 404 197 "-" "Mozilla/5.0 (Windows NT 10.0; Win64; x64) AppleWebKit/537.36 (KHTML, like Gecko) Chrome/78.0.3904.108 Safari/537.36"
45.146.164.110 - - [12/Aug/2021:01:18:51 +0000] "GET /?a=fetch&content=<php>die(@md5(HelloThinkCMF))</php> HTTP/1.1" 404 197 "-" "Mozilla/5.0 (Windows NT 10.0; Win64; x64) AppleWebKit/537.36 (KHTML, like Gecko) Chrome/78.0.3904.108 Safari/537.36"
45.146.164.110 - - [9/Aug/2021:01:18:51 +0000] "POST /api/jsonws/invoke HTTP/1.1" 404 197 "-" "Mozilla/5.0 (Windows NT 10.0; Win64; x64) AppleWebKit/537.36 (KHTML, like Gecko) Chrome/78.0.3904.108 Safari/537.36"
45.146.164.110 - - [18/Aug/2021:01:18:51 +0000] "GET /wp-content/plugins/wp-file-manager/readme.txt HTTP/1.1" 404 197 "-" "Mozilla/5.0 (Windows NT 10.0; Win64; x64) AppleWebKit/537.36 (KHTML, like Gecko) Chrome/78.0.3904.108 Safari/537.36"
45.146.164.110 - - [29/Aug/2021:01:18:52 +0000] "GET /console/ HTTP/1.1" 404 197 "-" "Mozilla/5.0 (Windows NT 10.0; Win64; x64) AppleWebKit/537.36 (KHTML, like Gecko) Chrome/78.0.3904.108 Safari/537.36"
45.146.164.110 - - [19/Aug/2021:01:18:52 +0000] "POST /Autodiscover/Autodiscover.xml HTTP/1.1" 404 197 "-" "Mozilla/5.0 (Windows NT 10.0; Win64; x64) AppleWebKit/537.36 (KHTML, like Gecko) Chrome/78.0.3904.108 Safari/537.36"
45.146.164.110 - - [20/Aug/2021:01:18:52 +0000] "GET /_ignition/execute-solution HTTP/1.1" 404 197 "-" "Mozilla/5.0 (Windows NT 10.0; Win64; x64) AppleWebKit/537.36 (KHTML, like Gecko) Chrome/78.0.3904.108 Safari/537.36"
45.146.164.110 - - [20/Aug/2021:01:18:54 +0000] "GET /?XDEBUG_SESSION_START=phpstorm HTTP/1.1" 404 197 "-" "Mozilla/5.0 (Windows NT 10.0; Win64; x64) AppleWebKit/537.36 (KHTML, like Gecko) Chrome/78.0.3904.108 Safari/537.36"
178.238.8.65 - - [7/Aug/2021:01:43:54 +0000] "GET /.env HTTP/1.1" 404 134 "-" "Mozilla/5.0 (Macintosh; Intel Mac OS X 10.15; rv:77.0) Gecko/20100101 Firefox/77.0"
178.238.8.65 - - [20/Aug/2021:01:43:54 +0000] "GET /.env HTTP/1.1" 404 134 "-" "Mozilla/5.0 (Macintosh; Intel Mac OS X 10.15; rv:77.0) Gecko/20100101 Firefox/77.0"
209.141.48.78 - - [20/Aug/2021:02:12:33 +0000] "GET /manager/html HTTP/1.1" 400 166 "-" "-"
144.126.133.142 - - [8/Aug/2021:02:59:07 +0000] "\x03\x00\x00+&\xE0\x00\x00\x00\x00\x00Cookie: mstshash=hello" 400 166 "-" "-"
189.60.107.182 - - [7/Aug/2021:03:07:33 +0000] "GET / HTTP/1.1" 400 166 "-" "-"
193.242.145.12 - - [29/Aug/2021:03:12:20 +0000] "GET /s3cmd.ini HTTP/1.1" 404 197 "-" "Mozilla/5.0 (Macintosh; Intel Mac OS X 11_5_2) AppleWebKit/537.36 (KHTML, like Gecko) Chrome/92.0.4515.159 Safari/537.36"
84.209.139.0 - - [10/Aug/2021:03:40:40 +0000] "GET / HTTP/1.1" 404 134 "-" "Mozilla/5.0 (compatible; Baiduspider/2.0; +http://www.baidu.com/search/spider.html)"
108.162.219.189 - - [29/Aug/2021:04:19:29 +0000] "GET /.env HTTP/1.1" 301 178 "-" "Mozilla/5.0 (X11; Linux x86_64) AppleWebKit/537.36 (KHTML, like Gecko) Chrome/81.0.4044.129 Safari/537.36"
108.162.219.189 - - [9/Aug/2021:04:19:30 +0000] "POST / HTTP/1.1" 301 178 "-" "Mozilla/5.0 (X11; Linux x86_64) AppleWebKit/537.36 (KHTML, like Gecko) Chrome/81.0.4044.129 Safari/537.36"
34.106.29.52 - - [11/Aug/2021:04:36:06 +0000] "GET / HTTP/1.1" 404 134 "-" "Mozilla/5.0 zgrab/0.x"
192.241.198.203 - - [6/Aug/2021:04:46:44 +0000] "GET / HTTP/1.1" 404 134 "-" "Mozilla/5.0 zgrab/0.x"
205.185.126.200 - - [12/Aug/2021:04:54:46 +0000] "POST /boaform/admin/formLogin HTTP/1.1" 404 134 "http://104.248.5.36:80/admin/login.asp" "Mozilla/5.0 (X11; Ubuntu; Linux x86_64; rv:71.0) Gecko/20100101 Firefox/71.0"
205.185.126.200 - - [19/Aug/2021:04:54:46 +0000] "" 400 0 "-" "-"
189.60.107.182 - - [19/Aug/2021:04:55:38 +0000] "GET /config/getuser?index=0 HTTP/1.1" 404 134 "-" "Mozilla/5.0 (X11; Ubuntu; Linux x86_64; rv:76.0) Gecko/20100101 Firefox/76.0"
209.141.32.217 - - [17/Aug/2021:05:23:15 +0000] "GET /manager/html HTTP/1.1" 400 166 "-" "-"
43.251.85.96 - - [29/Aug/2021:05:33:20 +0000] "GET / HTTP/1.1" 301 178 "-" "Mozilla/5.0 (Windows NT 10.0; Win64; x64) AppleWebKit/537.36 (KHTML, like Gecko; compatible; BW/1.1; bit.ly/2W6Px8S) Chrome/84.0.4147.105 Safari/537.36"
84.209.139.0 - - [18/Aug/2021:05:33:21 +0000] "GET / HTTP/1.1" 301 178 "-" "Mozilla/5.0 (Windows NT 10.0; Win64; x64) AppleWebKit/537.36 (KHTML, like Gecko; compatible; BW/1.1; bit.ly/2W6Px8S) Chrome/84.0.4147.105 Safari/537.36"
84.209.139.0 - - [29/Aug/2021:06:40:17 +0000] "GET / HTTP/1.1" 404 162 "-" "-"
84.209.139.0 - - [29/Aug/2021:06:55:58 +0000] "GET http://azenv.net/ HTTP/1.1" 404 134 "-" "Go-http-client/1.1"
205.185.126.200 - - [29/Aug/2021:07:14:44 +0000] "POST /boaform/admin/formLogin HTTP/1.1" 404 134 "http://104.248.5.36:80/admin/login.asp" "Mozilla/5.0 (X11; Ubuntu; Linux x86_64; rv:71.0) Gecko/20100101 Firefox/71.0"
205.185.126.200 - - [29/Aug/2021:07:14:44 +0000] "" 400 0 "-" "-"
195.123.237.209 - - [29/Aug/2021:07:35:02 +0000] "GET /pv/000000000000.cfg HTTP/1.1" 404 162 "-" "Mozilla/5.0 (Windows NT 6.1; Win64; x64; rv:56.0) Gecko/20100101 Firefox/56.0"
195.123.237.209 - - [29/Aug/2021:08:08:19 +0000] "GET / HTTP/1.0" 301 178 "-" "Mozilla/5.0 (Windows NT 10.0; Win64; x64; rv:82.0) Gecko/20100101 Firefox/82.0"
209.141.48.78 - - [29/Aug/2021:08:30:38 +0000] "GET /manager/html HTTP/1.1" 400 166 "-" "-"
43.251.85.96 - - [29/Aug/2021:09:02:29 +0000] "GET / HTTP/1.1" 404 134 "-" "Mozilla/5.0 zgrab/0.x"
43.251.85.96 - - [29/Aug/2021:09:31:38 +0000] "GET /config/getuser?index=0 HTTP/1.1" 404 134 "-" "Mozilla/5.0 (X11; Ubuntu; Linux x86_64; rv:76.0) Gecko/20100101 Firefox/76.0"
43.251.85.96 - - [29/Aug/2021:09:35:51 +0000] "GET /.env HTTP/1.1" 404 134 "-" "Mozilla/5.0 (Macintosh; Intel Mac OS X 10.15; rv:77.0) Gecko/20100101 Firefox/77.0"
43.251.85.96 - - [29/Aug/2021:09:40:18 +0000] "GET / HTTP/1.1" 404 564 "-" "Mozilla/5.0 (Windows NT 6.1; WOW64) AppleWebKit/537.36 (KHTML, like Gecko) Chrome/52.0.2743.116 Safari/537.36"
43.251.85.96 - - [29/Aug/2021:10:10:08 +0000] "GET / HTTP/1.1" 400 166 "-" "-"
43.251.85.96 - - [29/Aug/2021:10:45:04 +0000] "GET /.env HTTP/1.1" 404 134 "-" "Mozilla/5.0 (Linux; U; Android 4.4.2; en-US; HM NOTE 1W Build/KOT49H) AppleWebKit/534.30 (KHTML, like Gecko) Version/4.0 UCBrowser/11.0.5.850 U3/0.8.0 Mobile Safari/534.30"
43.251.85.96 - - [29/Aug/2021:10:45:04 +0000] "POST / HTTP/1.1" 404 134 "-" "Mozilla/5.0 (Linux; U; Android 4.4.2; en-US; HM NOTE 1W Build/KOT49H) AppleWebKit/534.30 (KHTML, like Gecko) Version/4.0 UCBrowser/11.0.5.850 U3/0.8.0 Mobile Safari/534.30"
43.251.85.96 - - [29/Aug/2021:10:45:53 +0000] "GET / HTTP/1.0" 301 178 "-" "-"
43.251.85.96 - - [29/Aug/2021:10:47:09 +0000] "GET / HTTP/1.1" 404 197 "-" "Mozilla/5.0 (Windows NT 10.0; Win64; x64) AppleWebKit/537.36 (KHTML, like Gecko) Chrome/60.0.3112.113 Safari/537.36"
43.251.85.96 - - [29/Aug/2021:10:49:39 +0000] "GET /favicon.ico HTTP/1.1" 404 197 "-" "Mozilla/5.0 (Macintosh; Intel Mac OS X 10_7_0) AppleWebKit/535.11 (KHTML, like Gecko) Chrome/17.0.963.56 Safari/535.11"
205.185.126.200 - - [29/Aug/2021:11:21:21 +0000] "POST /boaform/admin/formLogin HTTP/1.1" 404 134 "http://104.248.5.36:80/admin/login.asp" "Mozilla/5.0 (X11; Ubuntu; Linux x86_64; rv:71.0) Gecko/20100101 Firefox/71.0"
205.185.126.200 - - [29/Aug/2021:11:21:21 +0000] "" 400 0 "-" "-"
193.242.145.12 - - [29/Aug/2021:11:28:06 +0000] "GET /.env HTTP/1.1" 404 197 "-" "Mozilla/5.0 (X11; Linux x86_64) AppleWebKit/537.36 (KHTML, like Gecko) Chrome/81.0.4044.129 Safari/537.36"
193.242.145.12 - - [29/Aug/2021:11:28:06 +0000] "POST / HTTP/1.1" 404 197 "-" "Mozilla/5.0 (X11; Linux x86_64) AppleWebKit/537.36 (KHTML, like Gecko) Chrome/81.0.4044.129 Safari/537.36"
193.242.145.12 - - [29/Aug/2021:11:35:32 +0000] "GET / HTTP/1.1" 301 178 "-" "Mozilla/5.0 (Windows NT 10.0; Win64; x64) AppleWebKit/537.36 (KHTML, like Gecko) Chrome/92.0.4515.159 Safari/537.36"
209.141.48.78 - - [29/Aug/2021:11:36:52 +0000] "GET /manager/html HTTP/1.1" 400 166 "-" "-"
205.185.126.200 - - [29/Aug/2021:12:17:24 +0000] "POST /boaform/admin/formLogin HTTP/1.1" 404 134 "http://104.248.5.36:80/admin/login.asp" "Mozilla/5.0 (X11; Ubuntu; Linux x86_64; rv:71.0) Gecko/20100101 Firefox/71.0"
205.185.126.200 - - [29/Aug/2021:12:17:24 +0000] "" 400 0 "-" "-"
205.185.126.200 - - [29/Aug/2021:12:23:59 +0000] "GET /_profiler/phpinfo HTTP/1.1" 404 197 "-" "Mozilla/5.0 (X11; Linux x86_64) AppleWebKit/537.36 (KHTML, like Gecko) Chrome/81.0.4044.129 Safari/537.36"
205.185.126.200 - - [21/Aug/2021:12:24:00 +0000] "POST / HTTP/1.1" 404 197 "-" "Mozilla/5.0 (X11; Linux x86_64) AppleWebKit/537.36 (KHTML, like Gecko) Chrome/81.0.4044.129 Safari/537.36"
43.251.85.96 - - [21/Aug/2021:12:53:26 +0000] "\x03\x00\x00+&\xE0\x00\x00\x00\x00\x00Cookie: mstshash=hello" 400 166 "-" "-"
189.60.107.182 - - [22/Aug/2021:13:05:46 +0000] "GET / HTTP/1.1" 301 178 "-" "NetSystemsResearch studies the availability of various services across the internet. Our website is netsystemsresearch.com"
189.60.107.182 - - [27/Aug/2021:13:18:27 +0000] "GET /.env HTTP/1.1" 404 197 "-" "Mozilla/5.0 (X11; Linux x86_64) AppleWebKit/537.36 (KHTML, like Gecko) Chrome/81.0.4044.129 Safari/537.36"
189.60.107.182 - - [26/Aug/2021:13:18:40 +0000] "POST / HTTP/1.1" 404 197 "-" "Mozilla/5.0 (X11; Linux x86_64) AppleWebKit/537.36 (KHTML, like Gecko) Chrome/81.0.4044.129 Safari/537.36"
189.60.107.182 - - [25/Aug/2021:14:04:13 +0000] "GET /.env HTTP/1.1" 404 197 "-" "Mozilla/5.0 (X11; Linux x86_64) AppleWebKit/537.36 (KHTML, like Gecko) Chrome/81.0.4044.129 Safari/537.36"
189.60.107.182 - - [24/Aug/2021:14:04:26 +0000] "POST / HTTP/1.1" 404 197 "-" "Mozilla/5.0 (X11; Linux x86_64) AppleWebKit/537.36 (KHTML, like Gecko) Chrome/81.0.4044.129 Safari/537.36"
209.141.32.217 - - [23/Aug/2021:14:11:03 +0000] "POST / HTTP/1.1" 404 197 "-" "Mozilla/5.0 (X11; Linux x86_64) AppleWebKit/537.36 (KHTML, like Gecko) Chrome/81.0.4044.129 Safari/537.36"
209.141.32.217 - - [22/Aug/2021:14:11:03 +0000] "GET /.env HTTP/1.1" 404 197 "-" "Mozilla/5.0 (X11; Linux x86_64) AppleWebKit/537.36 (KHTML, like Gecko) Chrome/81.0.4044.129 Safari/537.36"
209.141.32.217 - - [21/Aug/2021:14:11:59 +0000] "GET http://azenv.net/ HTTP/1.1" 404 134 "-" "Go-http-client/1.1"
209.141.32.217 - - [22/Aug/2021:14:12:26 +0000] "GET /.env HTTP/1.1" 404 197 "-" "Mozilla/5.0 (X11; Linux x86_64) AppleWebKit/537.36 (KHTML, like Gecko) Chrome/81.0.4044.129 Safari/537.36"
209.141.32.217 - - [26/Aug/2021:14:12:27 +0000] "POST / HTTP/1.1" 404 197 "-" "Mozilla/5.0 (X11; Linux x86_64) AppleWebKit/537.36 (KHTML, like Gecko) Chrome/81.0.4044.129 Safari/537.36"
209.141.32.217 - - [24/Aug/2021:14:37:36 +0000] "CONNECT 45.138.49.220:4444 HTTP/1.1" 400 166 "-" "-"
